
> frontend@0.0.0 build
> vite build

[36mvite v7.3.1 [32mbuilding client environment for production...[36m[39m
transforming...
[32mΓ£ô[39m 2458 modules transformed.
node.exe : [31mΓ£ù[39m 
Build failed in 7.50s
At line:1 char:1
+ & "C:\Program 
Files\nodejs/node.exe" 
"C:\Program 
Files\nodejs/node_mo ...
+ ~~~~~~~~~~~~~~~~~~~~~~~~~~~~
~~~~~~~~~~~~~~~~~~~~~~~~~~~~~~
~~~~~~~~~~~
    + CategoryInfo          : 
    NotSpecified: ([31mΓ£ù  
  [39m Build failed in 7.50   
 s:String) [], RemoteExcep    
tion
    + FullyQualifiedErrorId : 
    NativeCommandError
 
[31merror during build:
[31msrc/components/AdminRoute
.jsx (2:9): "useAuth" is not 
exported by "src/context/AuthC
ontext.jsx", imported by "src/
components/AdminRoute.jsx".[3
1m
file: [36mD:/Code-Playground/
google-antigravity-projects/pr
ofit-loss-tracker/frontend/src
/components/AdminRoute.jsx:2:9
[31m
[33m
1: import { Navigate } from 
'react-router-dom';
2: import { useAuth } from 
'../context/AuthContext';
            ^
3: import { Loader2 } from 
'lucide-react';
[31m
    at getRollupError (file://
/D:/Code-Playground/google-ant
igravity-projects/profit-loss-
tracker/frontend/node_modules/
rollup/dist/es/shared/parseAst
.js:402:41)
    at error (file:///D:/Code-
Playground/google-antigravity-
projects/profit-loss-tracker/f
rontend/node_modules/rollup/di
st/es/shared/parseAst.js:398:4
2)
    at Module.error (file:///D
:/Code-Playground/google-antig
ravity-projects/profit-loss-tr
acker/frontend/node_modules/ro
llup/dist/es/shared/node-entry
.js:17040:16)
    at Module.traceVariable (f
ile:///D:/Code-Playground/goog
le-antigravity-projects/profit
-loss-tracker/frontend/node_mo
dules/rollup/dist/es/shared/no
de-entry.js:17452:29)
    at 
ModuleScope.findVariable (file
:///D:/Code-Playground/google-
antigravity-projects/profit-lo
ss-tracker/frontend/node_modul
es/rollup/dist/es/shared/node-
entry.js:15070:39)
    at 
ReturnValueScope.findVariable 
(file:///D:/Code-Playground/go
ogle-antigravity-projects/prof
it-loss-tracker/frontend/node_
modules/rollup/dist/es/shared/
node-entry.js:5673:38)
    at FunctionBodyScope.findV
ariable (file:///D:/Code-Playg
round/google-antigravity-proje
cts/profit-loss-tracker/fronte
nd/node_modules/rollup/dist/es
/shared/node-entry.js:5673:38)
    at Identifier.bind (file:/
//D:/Code-Playground/google-an
tigravity-projects/profit-loss
-tracker/frontend/node_modules
/rollup/dist/es/shared/node-en
try.js:5447:40)
    at CallExpression.bind (fi
le:///D:/Code-Playground/googl
e-antigravity-projects/profit-
loss-tracker/frontend/node_mod
ules/rollup/dist/es/shared/nod
e-entry.js:2829:23)
    at CallExpression.bind (fi
le:///D:/Code-Playground/googl
e-antigravity-projects/profit-
loss-tracker/frontend/node_mod
ules/rollup/dist/es/shared/nod
e-entry.js:12179:15)[39m
